ASUS@DESKTOP-KMN5I6S MINGW64 ~/Desktop/DevOps/Git (master)
$ git init
Reinitialized existing Git repository in C:/Users/ASUS/Desktop/DevOps/Git/.git/

ASUS@DESKTOP-KMN5I6S MINGW64 ~/Desktop/DevOps/Git (master)
$ ls

ASUS@DESKTOP-KMN5I6S MINGW64 ~/Desktop/DevOps/Git (master)
$ ls -a
./  ../  .git/

ASUS@DESKTOP-KMN5I6S MINGW64 ~/Desktop/DevOps/Git (master)
$ cd .git

ASUS@DESKTOP-KMN5I6S MINGW64 ~/Desktop/DevOps/Git/.git (GIT_DIR!)
$ ls
config  description  HEAD  hooks/  info/  objects/  refs/

ASUS@DESKTOP-KMN5I6S MINGW64 ~/Desktop/DevOps/Git/.git (GIT_DIR!)
$ cd ..

ASUS@DESKTOP-KMN5I6S MINGW64 ~/Desktop/DevOps/Git (master)
$ ls
README.md

ASUS@DESKTOP-KMN5I6S MINGW64 ~/Desktop/DevOps/Git (master)
$ ls
README.md  track.txt

ASUS@DESKTOP-KMN5I6S MINGW64 ~/Desktop/DevOps/Git (master)
$ git add .

ASUS@DESKTOP-KMN5I6S MINGW64 ~/Desktop/DevOps/Git (master)
$ git reset

ASUS@DESKTOP-KMN5I6S MINGW64 ~/Desktop/DevOps/Git (master)
$ git status
On branch master

No commits yet

Untracked files:
  (use "git add <file>..." to include in what will be committed)
        README.md
        track.txt

nothing added to commit but untracked files present (use "git add" to track)

ASUS@DESKTOP-KMN5I6S MINGW64 ~/Desktop/DevOps/Git (master)
$ git add README.md

ASUS@DESKTOP-KMN5I6S MINGW64 ~/Desktop/DevOps/Git (master)
$ git commit -m "README.md file added"
[master (root-commit) 5264f8f] README.md file added
 1 file changed, 25 insertions(+)
 create mode 100644 README.md

ASUS@DESKTOP-KMN5I6S MINGW64 ~/Desktop/DevOps/Git (master)
$ git status
On branch master
Untracked files:
  (use "git add <file>..." to include in what will be committed)
        track.txt

nothing added to commit but untracked files present (use "git add" to track)

ASUS@DESKTOP-KMN5I6S MINGW64 ~/Desktop/DevOps/Git (master)
$ git log
commit 5264f8f444afacb7d7a4eba97d9761467770ae78 (HEAD -> master)
Author: aa-nadim <nadim.ice.nstu@gmail.com>
Date:   Mon Mar 3 22:38:39 2025 +0600

    README.md file added

ASUS@DESKTOP-KMN5I6S MINGW64 ~/Desktop/DevOps/Git (master)
$ git add .

ASUS@DESKTOP-KMN5I6S MINGW64 ~/Desktop/DevOps/Git (master)
$ git commit -m "track.txt file added"
[master c12fc68] track.txt file added
 1 file changed, 75 insertions(+)
 create mode 100644 track.txt

ASUS@DESKTOP-KMN5I6S MINGW64 ~/Desktop/DevOps/Git (master)
$ git checkout -b "git-branch-learn-01"
Switched to a new branch 'git-branch-learn-01'

ASUS@DESKTOP-KMN5I6S MINGW64 ~/Desktop/DevOps/Git (git-branch-learn-01)
$ ls
README.md  track.txt

ASUS@DESKTOP-KMN5I6S MINGW64 ~/Desktop/DevOps/Git (git-branch-learn-01)
$ git branch
* git-branch-learn-01
  master